{"status": "OK"}
{"status": "ERROR"}
{"status": "ERROR"}
{"status": "ERROR"}
{"status": "ERROR"}
{"status": "ERROR"}
{"status": "ERROR"}
{"status": "ERROR"}
