{"status": "OK"}
{"status": "OK"}
{"status": "OK", "data": []}
{"status": "ERROR"}
{"status": "ERROR"}
{"status": "ERROR"}
{"status": "ERROR"}
{"status": "ERROR"}
{"status": "ERROR"}
{"status": "OK"}
{"status": "ERROR"}
{"status": "ERROR"}
{"status": "ERROR"}
{"status": "ERROR"}
{"status": "ERROR"}
{"status": "ERROR"}
{"status": "ERROR"}
