{"status": "OK"}
{"status": "ERROR", "debug": "ERROR:  Member must be leader but doesnt exist"}
{"status": "ERROR", "debug": "ERROR:  Incorrect member password"}
{"status": "ERROR", "debug": "ERROR:  Member must be leader but doesnt exist"}
{"status": "ERROR", "debug": "ERROR:  Incorrect member password"}
{"status": "OK"}
{"status": "ERROR", "debug": "ERROR:  Incorrect member password"}
{"status": "ERROR", "debug": "ERROR:  Member inactive"}
