{"status": "OK"}
{"status": "OK"}
{"status": "ERROR", "debug": "ERROR:  Member must be leader but doesnt exist"}
{"status": "OK", "data": []}
{"status": "OK"}
{"status": "ERROR", "debug": "ERROR:  Member must be leader but doesnt exist"}
{"status": "ERROR", "debug": "User can't cast vote on action that does not exist!"}
{"status": "ERROR", "debug": "ERROR:  Member inactive"}
{"status": "OK"}
{"status": "ERROR", "debug": "ERROR:  Member must be leader but doesnt exist"}
{"status": "ERROR", "debug": "ERROR:  Member inactive"}
{"status": "OK", "data": []}
{"status": "ERROR", "debug": "ERROR:  Incorrect member password"}
{"status": "OK", "data": []}
{"status": "ERROR", "debug": "ERROR:  Member inactive"}
{"status": "OK", "data": []}
